NAME_FULL | name | Full Name*: |  | name_1-default
ADDRESS_HOME_LINE1 | address1 | Address 1*: |  | name_1-default
ADDRESS_HOME_LINE2 | address2 | Address 2 (optional): |  | name_1-default
ADDRESS_HOME_CITY | city | City*: |  | name_1-default
ADDRESS_HOME_STATE | state | State*: |  | name_1-default
ADDRESS_HOME_ZIP | zip | Zip Code*: |  | name_1-default
PHONE_HOME_WHOLE_NUMBER | voice | Phone Number*: |  | name_1-default
UNKNOWN_TYPE | order.188:217866256151.ShippingSpeed | (3-5 business days) | std-us | name_1-default
UNKNOWN_TYPE | order.188:217866256151.ShippingSpeed | (2 business days) | second | name_1-default
UNKNOWN_TYPE | order.188:217866256151.ShippingSpeed | Standard Shipping Two-Day Shipping One-Day Shipping | next | name_1-default
