EMAIL_ADDRESS
EMAIL_ADDRESS
UNKNOWN_TYPE
NAME_FIRST
NAME_LAST
ADDRESS_BILLING_LINE1
ADDRESS_BILLING_LINE2
ADDRESS_BILLING_CITY
ADDRESS_BILLING_STATE
ADDRESS_BILLING_ZIP
ADDRESS_BILLING_COUNTRY
PHONE_HOME_CITY_CODE
PHONE_HOME_NUMBER
UNKNOWN_TYPE
PHONE_HOME_CITY_CODE
PHONE_HOME_NUMBER
UNKNOWN_TYPE
UNKNOWN_TYPE
ADDRESS_HOME_LINE1
ADDRESS_HOME_LINE2
ADDRESS_HOME_CITY
ADDRESS_HOME_STATE
ADDRESS_HOME_ZIP
ADDRESS_HOME_COUNTRY
