NAME_FIRST
NAME_LAST
UNKNOWN_TYPE
EMAIL_ADDRESS
UNKNOWN_TYPE
UNKNOWN_TYPE
UNKNOWN_TYPE
EMAIL_ADDRESS
ADDRESS_HOME_COUNTRY
UNKNOWN_TYPE
UNKNOWN_TYPE
