NAME_FIRST
NAME_MIDDLE_INITIAL
NAME_LAST
ADDRESS_HOME_ZIP
EMAIL_ADDRESS
