UNKNOWN_TYPE
NAME_FIRST
NAME_LAST
EMAIL_ADDRESS
EMAIL_ADDRESS
