UNKNOWN_TYPE
NAME_FIRST
NAME_MIDDLE
NAME_LAST
UNKNOWN_TYPE
ADDRESS_HOME_LINE1
ADDRESS_HOME_LINE2
ADDRESS_HOME_COUNTRY
ADDRESS_HOME_CITY
ADDRESS_HOME_STATE
ADDRESS_HOME_ZIP
PHONE_HOME_WHOLE_NUMBER
UNKNOWN_TYPE
PHONE_HOME_WHOLE_NUMBER
UNKNOWN_TYPE
PHONE_FAX_WHOLE_NUMBER
EMAIL_ADDRESS
EMAIL_ADDRESS
UNKNOWN_TYPE
