NAME_FULL
COMPANY_NAME
UNKNOWN_TYPE
UNKNOWN_TYPE
EMAIL_ADDRESS
EMAIL_ADDRESS
PHONE_HOME_WHOLE_NUMBER
UNKNOWN_TYPE
