COMPANY_NAME
UNKNOWN_TYPE
NAME_FIRST
NAME_LAST
PHONE_HOME_WHOLE_NUMBER
PHONE_HOME_WHOLE_NUMBER
EMAIL_ADDRESS
ADDRESS_HOME_LINE1
ADDRESS_HOME_LINE2
ADDRESS_HOME_CITY
ADDRESS_HOME_STATE
ADDRESS_HOME_ZIP
ADDRESS_HOME_COUNTRY
UNKNOWN_TYPE
NAME_FIRST
NAME_LAST
PHONE_HOME_WHOLE_NUMBER
PHONE_HOME_WHOLE_NUMBER
ADDRESS_HOME_LINE1
ADDRESS_HOME_LINE2
ADDRESS_HOME_CITY
ADDRESS_HOME_STATE
ADDRESS_HOME_ZIP
ADDRESS_HOME_COUNTRY
