NAME_FIRST
NAME_LAST
ADDRESS_BILLING_LINE1
ADDRESS_BILLING_LINE2
ADDRESS_BILLING_CITY
ADDRESS_BILLING_STATE
ADDRESS_BILLING_ZIP
ADDRESS_BILLING_COUNTRY
PHONE_HOME_WHOLE_NUMBER
EMAIL_ADDRESS
EMAIL_ADDRESS
CREDIT_CARD_NUMBER
CREDIT_CARD_EXP_MONTH
CREDIT_CARD_EXP_4_DIGIT_YEAR
UNKNOWN_TYPE
