CREDIT_CARD_NAME
CREDIT_CARD_NUMBER
CREDIT_CARD_EXP_MONTH
CREDIT_CARD_EXP_4_DIGIT_YEAR
UNKNOWN_TYPE
NAME_FIRST
NAME_LAST
ADDRESS_HOME_LINE1
ADDRESS_HOME_LINE2
ADDRESS_HOME_CITY
ADDRESS_HOME_STATE
ADDRESS_HOME_ZIP
