0
x
y
undefined

1
x
y
undefined

2
x
y
undefined

3
x
y
7

4
x
y
c

typeof a.callee = function
a.length = 0

typeof a.callee = function
a.length = 1
a[0] = undefined

typeof a.callee = function
a.length = 2
a[0] = 5
a[1] = 5

typeof a.callee = function
a.length = 3
a[0] = 5
a[1] = 5
a[2] = 7

3628800
