0
55
99
12
2.2
2.2
3
4
5
42
foo
16
0
undefined
2
undefined
undefined
undefined
6
5

1
1,2
1,2
1,2,3
1,2,3
1,2,3
1,2,3
0,0
-1,0,1
true
yes
yes
yes
yes
