simple for loop
0
1
2
3
4
5
6
7
8
9
simple for loop w/ break
0
1
2
3
4
5
6
simple for loop w/ break & continue
0
1
2
4
5
6
simple for loop w/ break & continue, using a nested switch
0
1
2
4
5
6
endless for loop
0
-1
-2
-3
-4
-5
-6
