120
120
120
0.00012
-120
14
14
10
-10
2.5
2.5
-0.5
0.5
3
4.2
5.859874728459046
2147483644
0
-1.2000000000000002
0.42331107154095493
-2147483648
-1
-2
-3
-912
0
1
910
536870911
-536870912
0
2
7
0
1
3
-1
-1
192
1
1
-8
-1
4
67108863
67108863
-67108864
469762048
16
-2147483648
true
true
1
true
false
4
2.25
3
3
1
1
1.3333333333333333
0.75
0
0
0.5
1.5
0
