1
undefined
1
undefined
true
true
true
true
true
true
true
true
true
true
true
undefined
true
