Running Richards benchmark...
[Handler]
[Handler]
[Handler]
[Handler]
[Handler]
[Handler]
[Worker]
[Handler]
[Device]
[Handler]
[Handler]
[Handler]
[Worker]
[Worker]
[Handler]
[Device]
[Handler]
[Handler]
[Handler]
[Worker]
[Idle]
[Device]
[Device]
[Device]
[Handler]
[Handler]
[Handler]
[Worker]
[Handler]
[Worker]
[Idle]
[Device]
[Device]
[Device]
[Handler]
[Handler]
[Handler]
[Worker]
[Handler]
[Worker]
[Idle]
[Device]
[Device]
[Device]
[Handler]
[Handler]
[Idle]
[Device]
[Device]
[Device]
[Handler]
[Handler]
[Idle]
[Device]
[Device]
[Device]
[Handler]
[Handler]
[Idle]
[Device]
[Device]
[Device]
[Handler]
[Handler]
[Idle]
[Device]
[Device]
[Device]
[Handler]
[Handler]
[Handler]
[Worker]
[Handler]
[Worker]
[Idle]
[Device]
[Device]
[Device]
[Handler]
[Idle]
[Device]
[Device]
[Device]
[Handler]
[Handler]
[Idle]
[Device]
[Device]
[Device]
[Handler]
[Idle]
[Device]
[Device]
[Handler]
[Idle]
[Idle]
[Device]
[Device]
[Device]
[Handler]
[Handler]
[Idle]
[Device]
[Device]
[Device]
[Handler]
[Handler]
[Handler]
[Worker]
[Handler]
[Device]
[Handler]
[Handler]
[Handler]
[Worker]
[Idle]
[Device]
[Device]
[Device]
[Handler]
[Handler]
[Handler]
[Worker]
[Handler]
[Worker]
[Idle]
[Device]
[Device]
[Device]
[Handler]
[Handler]
[Idle]
[Device]
[Device]
[Device]
[Handler]
[Idle]
[Device]
[Device]
[Device]
[Handler]
[Idle]
[Device]
[Device]
[Handler]
[Idle]
[Idle]
[Device]
[Device]
[Device]
[Handler]
[Handler]
[Idle]
[Device]
[Device]
[Device]
[Handler]
[Handler]
[Idle]
[Idle]
[Device]
[Device]
[Device]
[Handler]
[Handler]
[Handler]
[Worker]
[Handler]
[Device]
[Handler]
[Handler]
[Handler]
[Worker]
[Idle]
[Device]
[Device]
[Device]
[Handler]
[Handler]
[Handler]
[Worker]
[Handler]
[Worker]
[Idle]
[Device]
[Device]
[Device]
[Handler]
[Idle]
[Device]
[Device]
[Device]
[Handler]
[Handler]
[Idle]
[Device]
[Device]
[Device]
[Handler]
[Idle]
[Device]
[Device]
[Device]
[Handler]
[Handler]
[Idle]
[Device]
[Device]
[Device]
[Handler]
[Handler]
[Idle]
[Device]
[Device]
[Handler]
[Idle]
[Device]
[Device]
[Device]
[Handler]
[Handler]
[Handler]
[Worker]
[Handler]
[Device]
[Handler]
[Handler]
[Handler]
[Worker]
[Idle]
[Device]
[Device]
[Device]
[Handler]
[Handler]
[Idle]
[Device]
[Device]
[Device]
[Handler]
[Handler]
[Handler]
[Worker]
[Handler]
[Worker]
[Idle]
[Device]
[Device]
[Device]
[Handler]
[Handler]
[Idle]
[Device]
[Device]
[Device]
[Handler]
[Idle]
[Device]
[Device]
[Device]
[Handler]
[Idle]
[Device]
[Device]
[Device]
[Handler]
[Handler]
[Idle]
[Device]
[Device]
[Handler]
[Idle]
[Idle]
[Idle]
[Device]
[Device]
[Device]
[Handler]
[Handler]
[Handler]
[Worker]
[Handler]
[Device]
[Handler]
[Handler]
[Handler]
[Worker]
[Idle]
[Device]
[Device]
[Device]
[Handler]
[Handler]
[Handler]
[Worker]
[Handler]
[Worker]
[Idle]
[Device]
[Device]
[Device]
[Handler]
[Handler]
[Idle]
[Device]
[Device]
[Device]
[Handler]
[Handler]
[Idle]
[Device]
[Device]
[Device]
[Handler]
[Handler]
[Idle]
[Device]
[Device]
[Device]
[Handler]
[Handler]
[Handler]
[Worker]
[Handler]
[Worker]
[Idle]
[Device]
[Device]
[Device]
[Handler]
[Handler]
[Idle]
[Device]
[Device]
[Device]
[Handler]
[Handler]
[Idle]
[Device]
[Device]
[Device]
[Handler]
[Handler]
[Idle]
[Device]
[Device]
[Device]
[Handler]
[Handler]
[Idle]
[Device]
[Device]
[Device]
[Handler]
[Handler]
[Handler]
[Worker]
[Handler]
[Worker]
[Idle]
[Device]
[Device]
[Device]
[Handler]
[Handler]
[Idle]
[Device]
[Device]
[Device]
[Handler]
[Handler]
[Idle]
[Device]
[Device]
[Device]
[Handler]
[Idle]
[Device]
[Device]
[Device]
[Handler]
[Idle]
[Device]
[Device]
[Device]
[Handler]
[Handler]
[Handler]
[Worker]
[Handler]
[Handler]
[Handler]
[Worker]
[Idle]
[Device]
[Device]
[Device]
[Handler]
[Handler]
[Idle]
[Device]
[Device]
[Device]
[Handler]
[Handler]
[Idle]
[Device]
[Device]
[Device]
[Handler]
[Handler]
[Idle]
[Device]
[Device]
[Device]
[Handler]
[Handler]
[Idle]
[Device]
[Device]
[Device]
[Handler]
[Handler]
[Handler]
[Worker]
[Handler]
[Worker]
[Idle]
[Device]
[Device]
[Device]
[Handler]
[Handler]
[Idle]
[Device]
[Device]
[Device]
[Handler]
[Handler]
[Handler]
[Worker]
[Handler]
[Worker]
[Idle]
[Device]
[Device]
[Device]
[Handler]
[Handler]
[Idle]
[Device]
[Device]
[Device]
[Handler]
[Handler]
[Idle]
[Device]
[Device]
[Device]
[Handler]
[Handler]
[Handler]
[Worker]
[Handler]
[Worker]
[Idle]
[Device]
[Device]
[Device]
[Handler]
[Handler]
[Idle]
[Device]
[Device]
[Device]
[Handler]
[Handler]
[Idle]
[Device]
[Device]
[Device]
[Handler]
[Handler]
[Idle]
[Device]
[Device]
[Device]
[Handler]
[Handler]
[Idle]
[Device]
[Device]
[Device]
[Handler]
[Handler]
[Idle]
[Device]
[Device]
[Device]
[Handler]
[Handler]
[Idle]
[Device]
[Device]
[Device]
[Handler]
[Handler]
[Handler]
[Worker]
[Handler]
[Worker]
[Idle]
[Device]
[Device]
[Device]
[Handler]
[Handler]
[Handler]
[Worker]
[Handler]
[Worker]
[Idle]
[Device]
[Device]
[Device]
[Handler]
[Handler]
[Idle]
[Device]
[Device]
[Device]
[Handler]
[Handler]
[Idle]
[Device]
[Device]
[Device]
[Handler]
[Handler]
[Idle]
[Device]
[Device]
[Device]
[Handler]
[Handler]
[Idle]
[Device]
[Device]
[Device]
[Handler]
[Handler]
[Idle]
[Device]
[Device]
[Device]
[Handler]
[Handler]
[Idle]
[Device]
[Device]
[Device]
[Handler]
[Handler]
[Handler]
[Worker]
[Handler]
[Worker]
[Idle]
[Device]
[Device]
[Device]
[Handler]
[Idle]
[Device]
[Device]
[Device]
[Handler]
[Idle]
[Device]
[Device]
[Handler]
[Idle]
[Device]
[Device]
[Device]
[Handler]
[Handler]
[Handler]
[Worker]
[Handler]
[Device]
[Handler]
[Handler]
[Handler]
[Worker]
[Idle]
[Device]
[Device]
[Device]
[Handler]
[Handler]
[Idle]
[Device]
[Device]
[Device]
[Handler]
[Handler]
[Handler]
[Worker]
[Handler]
[Worker]
[Idle]
[Device]
[Device]
[Device]
[Handler]
[Idle]
[Device]
[Device]
[Device]
[Handler]
[Idle]
[Device]
[Device]
[Handler]
[Idle]
[Device]
[Device]
[Device]
[Handler]
[Handler]
[Idle]
[Device]
[Device]
[Device]
[Handler]
[Handler]
[Idle]
[Device]
[Device]
[Device]
[Handler]
[Handler]
[Handler]
[Worker]
[Handler]
[Device]
[Handler]
[Handler]
[Handler]
[Worker]
[Idle]
[Device]
[Device]
[Device]
[Handler]
[Handler]
[Handler]
[Worker]
[Handler]
[Worker]
[Idle]
[Device]
[Device]
[Device]
[Handler]
[Idle]
[Device]
[Device]
[Device]
[Handler]
[Idle]
[Device]
[Device]
[Handler]
[Idle]
[Idle]
Queue count : 239
Hold count  : 95
