testing f0
testing f1
f1
f1
testing f2
r = one
r = one
default
testing f3
two
minus 5
nine
value is c = 0
value is c = 2
default
3
3
3
