while (false)
while (true)
10
9
8
7
6
5
4
3
2
1
while w/ continue
while w/ break
iteration
while while w/ break
iteration A
iteration B
while w/ continue & break
1
2
3
4
6
7
