property-store-init.js:1: Uncaught TypeError: Cannot set property 'x' of null
null.x = 4;
       ^
