stack-trace-wide-left.js:2: Uncaught ReferenceError: xxx is not defined
   xxx(); "This_is_a_very_long_string_which_have_to_be_there_to_make_this_line
   ^
