unexpected-primary.js:1: Uncaught SyntaxError: Unexpected token &
true &&& false
       ^
