# If it's not going to fit either way, don't wrap+indent. But if it will, then
# that's better.
# 80 ---------------------------------------------------------------------------
android_java_prebuilt("android_support_v13_java") {
  jar_path = "$android_sdk_root/extras/android/support/v7/appcompat/libs/android-support-v7-appcompat.jar"
  jar_path =
      "$android_sdk_root/extras/android/support/v13/android-support-v13.jar"
}
