CREDIT_CARD_NUMBER | creditCard | Invalid card # |  | credit-card-cc
CREDIT_CARD_NAME_FULL | cardholderName | Cardholder's name Good |  | credit-card-cc
CREDIT_CARD_EXP_MONTH | expireMonth | Expiration Date |  | credit-card-cc
CREDIT_CARD_EXP_4_DIGIT_YEAR | expireYear | Expiration Date |  | credit-card-cc
CREDIT_CARD_VERIFICATION_CODE | securityNumber | CVV Number Good 3 or 4 digit numberon the back or front cornerof your card. See an example |  | credit-card-cc
UNKNOWN_TYPE | nickname | Card's nickname e.g. My Visa, Corporate card, etc |  | creditCard_1-default
UNKNOWN_TYPE | useAddress | Use stored address | use-stored-address | creditCard_1-default
UNKNOWN_TYPE | stored-address | Use stored address , | ? | creditCard_1-default
UNKNOWN_TYPE | useAddress | Add new address | add-new-address | creditCard_1-default
UNKNOWN_TYPE | shouldSave | Save credit card info | on | creditCard_1-default
